[vecurosoft.com/products/html/mixlax/demo/index.html]
[backblue.gif]
[fade.gif]
[index.html]
[vecurosoft.com/products/html/mixlax/demo/assets/img/favicon.png]
[vecurosoft.com/products/html/mixlax/demo/assets/img/logo.png]
[vecurosoft.com/products/html/mixlax/demo/assets/img/logo-2.png]
[vecurosoft.com/products/html/mixlax/demo/portfolio.html]
[vecurosoft.com/products/html/mixlax/demo/assets/img/instagram/insta-img-1.jpg]
[vecurosoft.com/products/html/mixlax/demo/assets/img/instagram/insta-img-2.jpg]
[vecurosoft.com/products/html/mixlax/demo/assets/img/instagram/insta-img-3.jpg]
[vecurosoft.com/products/html/mixlax/demo/assets/img/instagram/insta-img-4.jpg]
[vecurosoft.com/products/html/mixlax/demo/assets/img/instagram/insta-img-5.jpg]
[vecurosoft.com/products/html/mixlax/demo/assets/img/instagram/insta-img-6.jpg]
[vecurosoft.com/products/html/mixlax/demo/assets/img/instagram/insta-img-7.jpg]
[vecurosoft.com/products/html/mixlax/demo/assets/img/instagram/insta-img-8.jpg]
[vecurosoft.com/products/html/mixlax/demo/facebook.com]
[vecurosoft.com/products/html/mixlax/demo/twitter.com]
[vecurosoft.com/products/html/mixlax/demo/behance.com]
[vecurosoft.com/products/html/mixlax/demo/linkedin.com]
[vecurosoft.com/products/html/mixlax/demo/dribble.com]
[vecurosoft.com/products/html/mixlax/demo/contact.html]
[vecurosoft.com/products/html/mixlax/demo/index-2.html]
[vecurosoft.com/products/html/mixlax/demo/index-3.html]
[vecurosoft.com/products/html/mixlax/demo/about.html]
[vecurosoft.com/products/html/mixlax/demo/services.html]
[vecurosoft.com/products/html/mixlax/demo/single-service.html]
[vecurosoft.com/products/html/mixlax/demo/portfolio-details.html]
[vecurosoft.com/products/html/mixlax/demo/news.html]
[vecurosoft.com/products/html/mixlax/demo/news-details.html]
[vecurosoft.com/products/html/mixlax/demo/team.html]
[vecurosoft.com/products/html/mixlax/demo/single-team.html]
[vecurosoft.com/products/html/mixlax/demo/pricing.html]
[vecurosoft.com/products/html/mixlax/demo/features.html]
[vecurosoft.com/products/html/mixlax/demo/appointment.html]
[vecurosoft.com/products/html/mixlax/demo/faq.html]
[vecurosoft.com/products/html/mixlax/demo/error.html]
[vecurosoft.com/products/html/mixlax/demo/assets/img/hero/spa-girl-1.png]
[vecurosoft.com/products/html/mixlax/demo/assets/img/icons/flower-icon.png]
[vecurosoft.com/products/html/mixlax/demo/assets/img/hero/spa-girl-3.png]
[vecurosoft.com/products/html/mixlax/demo/assets/img/hero/spa-girl-2.png]
[vecurosoft.com/products/html/mixlax/demo/assets/img/icons/leaf-1.png]
[vecurosoft.com/products/html/mixlax/demo/assets/img/about-us/big-img-1.jpg]
[vecurosoft.com/products/html/mixlax/demo/assets/img/about-us/small-img-1.jpg]
[vecurosoft.com/products/html/mixlax/demo/assets/img/about-us/small-img-2.jpg]
[vecurosoft.com/products/html/mixlax/demo/assets/img/bg-img/cta-bg-img-1.jpg]
[vecurosoft.com/products/html/mixlax/demo/assets/img/bg-img/cta-bg-img-2.jpg]
[vecurosoft.com/products/html/mixlax/demo/assets/img/icons/flowers-shape.png]
[vecurosoft.com/products/html/mixlax/demo/assets/img/fun-fact/fan-fact-img-1.png]
[vecurosoft.com/products/html/mixlax/demo/assets/img/thumb-img/fanFact-thumb.png]
[vecurosoft.com/products/html/mixlax/demo/assets/img/brand/brand-img-1.png]
[vecurosoft.com/products/html/mixlax/demo/assets/img/brand/brand-img-2.png]
[vecurosoft.com/products/html/mixlax/demo/assets/img/brand/brand-img-3.png]
[vecurosoft.com/products/html/mixlax/demo/assets/img/brand/brand-img-4.png]
[vecurosoft.com/products/html/mixlax/demo/assets/img/brand/brand-img-5.png]
[vecurosoft.com/products/html/mixlax/demo/assets/img/brand/brand-img-6.png]
[vecurosoft.com/products/html/mixlax/demo/assets/img/bg-img/price-plans-bg.png]
[vecurosoft.com/products/html/mixlax/demo/assets/img/thumb-img/price-plan-img-1.png]
[vecurosoft.com/products/html/mixlax/demo/assets/img/thumb-img/price-plan-img-2.png]
[vecurosoft.com/products/html/mixlax/demo/assets/img/thumb-img/price-plan-img-3.png]
[vecurosoft.com/products/html/mixlax/demo/assets/img/thumb-img/price-plan-img-4.png]
[vecurosoft.com/products/html/mixlax/demo/assets/img/testomonial/testomonial-author-1.png]
[vecurosoft.com/products/html/mixlax/demo/assets/img/testomonial/testomonial-author-2.png]
[vecurosoft.com/products/html/mixlax/demo/assets/img/testomonial/testomonial-author-3.png]
[vecurosoft.com/products/html/mixlax/demo/assets/img/testomonial/testomonial-author-4.png]
[vecurosoft.com/products/html/mixlax/demo/assets/img/blog-img/blog-img-1.jpg]
[vecurosoft.com/products/html/mixlax/demo/assets/img/blog-img/blog-img-2.jpg]
[vecurosoft.com/products/html/mixlax/demo/assets/img/blog-img/blog-img-3.jpg]
[vecurosoft.com/products/html/mixlax/demo/assets/img/blog-img/blog-img-4.jpg]
[vecurosoft.com/products/html/mixlax/demo/assets/img/bg-img/cta-bg-img.jpg]
[vecurosoft.com/products/html/mixlax/demo/assets/img/logo-thumb.png]
[vecurosoft.com/products/html/mixlax/demo/google.com]
[vecurosoft.com/products/html/mixlax/demo/assets/img/thumb-img/footer-post-1.jpg]
[vecurosoft.com/products/html/mixlax/demo/assets/img/thumb-img/footer-post-2.jpg]
[vecurosoft.com/products/html/mixlax/demo/assets/img/thumb-img/footer-post-3.jpg]
[vecurosoft.com/products/html/mixlax/demo/assets/js/vendor/modernizr-3.6.0.min.js]
[vecurosoft.com/products/html/mixlax/demo/assets/js/vendor/jquery-1.12.4.min.js]
[vecurosoft.com/products/html/mixlax/demo/assets/js/bootstrap.min.js]
[vecurosoft.com/products/html/mixlax/demo/assets/js/wow.min.js]
[vecurosoft.com/products/html/mixlax/demo/assets/js/tilt.jquery.min.js]
[vecurosoft.com/products/html/mixlax/demo/assets/js/waypoints.min.js]
[vecurosoft.com/products/html/mixlax/demo/assets/js/jquery.meanmenu.min.js]
[vecurosoft.com/products/html/mixlax/demo/assets/js/jquery.counterup.min.js]
[vecurosoft.com/products/html/mixlax/demo/assets/js/slick.min.js]
[vecurosoft.com/products/html/mixlax/demo/assets/js/jquery.fancybox.min.js]
[vecurosoft.com/products/html/mixlax/demo/assets/js/jquery.nice-select.min.js]
[vecurosoft.com/products/html/mixlax/demo/assets/js/parallax.min.js]
[vecurosoft.com/products/html/mixlax/demo/assets/js/imagesloaded.pkgd.min.js]
[vecurosoft.com/products/html/mixlax/demo/assets/js/isotope.pkgd.min.js]
[vecurosoft.com/products/html/mixlax/demo/assets/js/jquery.datetimepicker.min.js]
[vecurosoft.com/products/html/mixlax/demo/assets/js/main.js]
[vecurosoft.com/products/html/mixlax/demo/index.html]
[vecurosoft.com/products/html/mixlax/demo/assets/css/bootstrap.min.css]
[vecurosoft.com/products/html/mixlax/demo/assets/fonts/Flaticon.eot]
[vecurosoft.com/products/html/mixlax/demo/assets/fonts/Flaticon.woff2]
[vecurosoft.com/products/html/mixlax/demo/assets/fonts/Flaticon.woff]
[vecurosoft.com/products/html/mixlax/demo/assets/fonts/Flaticond41d.eot]
[vecurosoft.com/products/html/mixlax/demo/assets/fonts/Flaticon.ttf]
[vecurosoft.com/products/html/mixlax/demo/assets/css/flaticon.css]
[vecurosoft.com/products/html/mixlax/demo/assets/css/animate.css]
[vecurosoft.com/products/html/mixlax/demo/assets/css/jquery.fancybox.min.css]
[vecurosoft.com/products/html/mixlax/demo/assets/css/meanmenu.css]
[vecurosoft.com/products/html/mixlax/demo/assets/css/nice-select.css]
[vecurosoft.com/products/html/mixlax/demo/assets/css/jquery.datetimepicker.min.css]
[vecurosoft.com/products/html/mixlax/demo/assets/css/slick.css]
[vecurosoft.com/products/html/mixlax/demo/assets/img/icons/section-title-bg-icon.png]
[vecurosoft.com/products/html/mixlax/demo/assets/img/hero/hero-3-bg-shape.png]
[vecurosoft.com/products/html/mixlax/demo/assets/img/bg-img/features-pattern-bg.png]
[vecurosoft.com/products/html/mixlax/demo/assets/img/icons/testomonial-bg-shape.png]
[vecurosoft.com/products/html/mixlax/demo/assets/img/bg-img/testomonial-bg-shape-3-1.png]
[vecurosoft.com/products/html/mixlax/demo/assets/img/testomonial/pattern-bg.png]
[vecurosoft.com/products/html/mixlax/demo/assets/img/bg-img/blog-quote-bg.png]
[vecurosoft.com/products/html/mixlax/demo/assets/img/bg-img/404-page-bg-shape.png]
[vecurosoft.com/products/html/mixlax/demo/assets/img/bg-img/about-features-bg-1.png]
[vecurosoft.com/products/html/mixlax/demo/assets/img/cancel.png]
[vecurosoft.com/products/html/mixlax/demo/assets/css/style.css]
[vecurosoft.com/products/html/mixlax/demo/assets/css/responsive.css]
[vecurosoft.com/products/html/mixlax/demo/assets/img/bg-img/banner-bg.jpg]
[vecurosoft.com/products/html/mixlax/demo/assets/img/gallery/gallery-img-1.jpg]
[vecurosoft.com/products/html/mixlax/demo/assets/img/gallery/gallery-img-2.jpg]
[vecurosoft.com/products/html/mixlax/demo/assets/img/gallery/gallery-img-3.jpg]
[vecurosoft.com/products/html/mixlax/demo/assets/img/gallery/gallery-img-4.jpg]
[vecurosoft.com/products/html/mixlax/demo/assets/img/gallery/gallery-img-5.jpg]
[vecurosoft.com/products/html/mixlax/demo/assets/img/gallery/gallery-img-6.jpg]
[vecurosoft.com/products/html/mixlax/demo/assets/img/gallery/gallery-img-7.jpg]
[vecurosoft.com/products/html/mixlax/demo/assets/img/gallery/gallery-img-8.jpg]
[vecurosoft.com/products/html/mixlax/demo/assets/img/logo-white.png]
[vecurosoft.com/products/html/mixlax/demo/portfolio.html]
[vecurosoft.com/products/html/mixlax/demo/facebook.html]
[vecurosoft.com/products/html/mixlax/demo/twitter.html]
[vecurosoft.com/products/html/mixlax/demo/behance.html]
[vecurosoft.com/products/html/mixlax/demo/linkedin.html]
[vecurosoft.com/products/html/mixlax/demo/dribble.html]
[vecurosoft.com/products/html/mixlax/demo/assets/img/bg-img/contact-us-bg.jpg]
[vecurosoft.com/products/html/mixlax/demo/contact.html]
[vecurosoft.com/products/html/mixlax/demo/assets/img/icons/hero-2-1.png]
[vecurosoft.com/products/html/mixlax/demo/assets/img/icons/leaf-2-1.png]
[vecurosoft.com/products/html/mixlax/demo/assets/img/hero/hero-2-1.png]
[vecurosoft.com/products/html/mixlax/demo/assets/img/hero/hero-2-3.png]
[vecurosoft.com/products/html/mixlax/demo/assets/img/hero/hero-2-2.png]
[vecurosoft.com/products/html/mixlax/demo/assets/img/icons/leaf-small-1.png]
[vecurosoft.com/products/html/mixlax/demo/assets/img/icons/cream.png]
[vecurosoft.com/products/html/mixlax/demo/assets/img/about-us/about-us-img-1.jpg]
[vecurosoft.com/products/html/mixlax/demo/assets/img/team-member/team-member-1.jpg]
[vecurosoft.com/products/html/mixlax/demo/assets/img/team-member/team-member-2.jpg]
[vecurosoft.com/products/html/mixlax/demo/assets/img/team-member/team-member-3.jpg]
[vecurosoft.com/products/html/mixlax/demo/assets/img/team-member/team-member-4.jpg]
[vecurosoft.com/products/html/mixlax/demo/assets/img/team-member/team-member-5.jpg]
[vecurosoft.com/products/html/mixlax/demo/assets/img/gallery/gallery-img-1-1.jpg]
[vecurosoft.com/products/html/mixlax/demo/assets/img/gallery/gallery-img-1-2.jpg]
[vecurosoft.com/products/html/mixlax/demo/assets/img/gallery/gallery-img-1-3.jpg]
[vecurosoft.com/products/html/mixlax/demo/assets/img/gallery/gallery-img-1-4.jpg]
[vecurosoft.com/products/html/mixlax/demo/assets/img/bg-img/price-plan-bg-3.png]
[vecurosoft.com/products/html/mixlax/demo/assets/img/testomonial/testomonial-author-5.png]
[vecurosoft.com/products/html/mixlax/demo/assets/img/blog-img/blog-img-2-1.jpg]
[vecurosoft.com/products/html/mixlax/demo/assets/img/blog-img/blog-img-2-2.jpg]
[vecurosoft.com/products/html/mixlax/demo/assets/img/blog-img/blog-img-3-1.jpg]
[vecurosoft.com/products/html/mixlax/demo/index-2.html]
[vecurosoft.com/products/html/mixlax/demo/assets/img/hero/hero-3-1.jpg]
[vecurosoft.com/products/html/mixlax/demo/assets/img/hero/hero-3-2.jpg]
[vecurosoft.com/products/html/mixlax/demo/assets/img/hero/hero-3-3.jpg]
[vecurosoft.com/products/html/mixlax/demo/assets/img/about-us/features-img-1.jpg]
[vecurosoft.com/products/html/mixlax/demo/assets/img/about-us/features-img-2.jpg]
[vecurosoft.com/products/html/mixlax/demo/assets/img/about-us/features-img-4.jpg]
[vecurosoft.com/products/html/mixlax/demo/assets/img/about-us/features-img-3.jpg]
[vecurosoft.com/products/html/mixlax/demo/assets/img/icons/hair-cutter-1.png]
[vecurosoft.com/products/html/mixlax/demo/assets/img/icons/hair-cutter-2.png]
[vecurosoft.com/products/html/mixlax/demo/assets/img/bg-img/appoinment-sec-bg.png]
[vecurosoft.com/products/html/mixlax/demo/assets/img/bg-img/appoinment-sec-bg-2.png]
[vecurosoft.com/products/html/mixlax/demo/assets/img/icons/hair-cutter-3.png]
[vecurosoft.com/products/html/mixlax/demo/assets/img/about-service/about-service-img-1.jpg]
[vecurosoft.com/products/html/mixlax/demo/assets/img/about-service/about-service-img-2.png]
[vecurosoft.com/products/html/mixlax/demo/assets/img/bg-img/testomonial-bg-img-3-1.png]
[vecurosoft.com/products/html/mixlax/demo/assets/img/team-member/team-member-3-1.jpg]
[vecurosoft.com/products/html/mixlax/demo/assets/img/team-member/team-member-3-2.jpg]
[vecurosoft.com/products/html/mixlax/demo/assets/img/team-member/team-member-3-3.jpg]
[vecurosoft.com/products/html/mixlax/demo/assets/img/team-member/team-member-3-4.jpg]
[vecurosoft.com/products/html/mixlax/demo/assets/img/bg-img/our-features-img-3-1.jpg]
[vecurosoft.com/products/html/mixlax/demo/assets/img/features/featues-img-3-1.png]
[vecurosoft.com/products/html/mixlax/demo/assets/img/gallery/gallery-img-3-1.jpg]
[vecurosoft.com/products/html/mixlax/demo/instagram.a8.delayed]
[vecurosoft.com/products/html/mixlax/demo/assets/img/gallery/gallery-img-3-2.jpg]
[vecurosoft.com/products/html/mixlax/demo/assets/img/gallery/gallery-img-3-3.jpg]
[vecurosoft.com/products/html/mixlax/demo/assets/img/gallery/gallery-img-3-4.jpg]
[vecurosoft.com/products/html/mixlax/demo/assets/img/gallery/gallery-img-3-5.jpg]
[vecurosoft.com/products/html/mixlax/demo/assets/img/bg-img/price-plan-bg-3-1.jpg]
[vecurosoft.com/products/html/mixlax/demo/assets/img/blog-img/blog-img-3-2.jpg]
[vecurosoft.com/products/html/mixlax/demo/assets/img/blog-img/blog-img-3-3.jpg]
[vecurosoft.com/products/html/mixlax/demo/assets/img/blog-img/blog-img-3-4.jpg]
[vecurosoft.com/products/html/mixlax/demo/index-3.html]
[vecurosoft.com/products/html/mixlax/demo/assets/img/about-us/about-us-girl.png]
[vecurosoft.com/products/html/mixlax/demo/assets/img/about-us/signature.png]
[vecurosoft.com/products/html/mixlax/demo/assets/img/pricing/feature-price-1.jpg]
[vecurosoft.com/products/html/mixlax/demo/assets/img/pricing/features-price-2.jpg]
[vecurosoft.com/products/html/mixlax/demo/assets/img/thumb-img/features-price-thumb-2.png]
[vecurosoft.com/products/html/mixlax/demo/about.html]
[vecurosoft.com/products/html/mixlax/demo/services.html]
[vecurosoft.com/products/html/mixlax/demo/assets/img/service/service-details-1.jpg]
[vecurosoft.com/products/html/mixlax/demo/assets/img/service/service-details-tab-1.jpg]
[vecurosoft.com/products/html/mixlax/demo/assets/img/testomonial/testomonial-author-img-1-2.png]
[vecurosoft.com/products/html/mixlax/demo/assets/img/thumb-img/inner-thumb-img-1.jpg]
[vecurosoft.com/products/html/mixlax/demo/assets/img/thumb-img/inner-thumb-img-2.jpg]
[vecurosoft.com/products/html/mixlax/demo/single-service.html]
[vecurosoft.com/products/html/mixlax/demo/assets/img/gallery/portfolio-details-img-1.jpg]
[vecurosoft.com/products/html/mixlax/demo/portfolio-details.html]
[vecurosoft.com/products/html/mixlax/demo/assets/img/blog-img/blog-img-1-1.jpg]
[vecurosoft.com/products/html/mixlax/demo/assets/img/blog-img/blog-img-1-2.jpg]
[vecurosoft.com/products/html/mixlax/demo/assets/img/blog-img/blog-img-1-3.jpg]
[vecurosoft.com/products/html/mixlax/demo/assets/img/blog-img/blog-overly-img-1.png]
[vecurosoft.com/products/html/mixlax/demo/assets/img/blog-img/blog-admin.png]
[vecurosoft.com/products/html/mixlax/demo/assets/img/popular-feeds/popular-feeds-1.png]
[vecurosoft.com/products/html/mixlax/demo/assets/img/popular-feeds/popular-feeds-2.png]
[vecurosoft.com/products/html/mixlax/demo/assets/img/popular-feeds/popular-feeds-3.png]
[vecurosoft.com/products/html/mixlax/demo/assets/img/popular-feeds/popular-feeds-4.png]
[vecurosoft.com/products/html/mixlax/demo/assets/img/instagram/insta-img-9.jpg]
[vecurosoft.com/products/html/mixlax/demo/assets/img/blog-img/add-banner.jpg]
[vecurosoft.com/products/html/mixlax/demo/news.html]
[vecurosoft.com/products/html/mixlax/demo/assets/img/blog-img/middle-img-1.jpg]
[vecurosoft.com/products/html/mixlax/demo/assets/img/blog-img/middle-box-img.jpg]
[vecurosoft.com/products/html/mixlax/demo/www.google.com]
[vecurosoft.com/products/html/mixlax/demo/assets/img/blog-img/related-blog-img-1.jpg]
[vecurosoft.com/products/html/mixlax/demo/assets/img/blog-img/related-blog-img-2.jpg]
[vecurosoft.com/products/html/mixlax/demo/assets/img/blog-img/blog--author-img-1.jpg]
[vecurosoft.com/products/html/mixlax/demo/assets/img/thumb-img/blog-comment-1.jpg]
[vecurosoft.com/products/html/mixlax/demo/assets/img/thumb-img/blog-comment-2.jpg]
[vecurosoft.com/products/html/mixlax/demo/assets/img/thumb-img/blog-comment-3.jpg]
[vecurosoft.com/products/html/mixlax/demo/news-details.html]
[vecurosoft.com/products/html/mixlax/demo/portfolio-details]
[vecurosoft.com/products/html/mixlax/demo/assets/img/team-member/team-member-6.jpg]
[vecurosoft.com/products/html/mixlax/demo/assets/img/team-member/team-member-7.jpg]
[vecurosoft.com/products/html/mixlax/demo/assets/img/team-member/team-member-8.jpg]
[vecurosoft.com/products/html/mixlax/demo/team.html]
[vecurosoft.com/products/html/mixlax/demo/assets/img/team-member/member-details.jpg]
[vecurosoft.com/products/html/mixlax/demo/assets/img/team-member/member-details-middle-1.jpg]
[vecurosoft.com/products/html/mixlax/demo/assets/img/team-member/member-details-middle-2.jpg]
[vecurosoft.com/products/html/mixlax/demo/assets/img/team-member/member-details-middle-3.jpg]
[vecurosoft.com/products/html/mixlax/demo/single-team.html]
[vecurosoft.com/products/html/mixlax/demo/assets/img/bouchers/bouchers-img-1.jpg]
[vecurosoft.com/products/html/mixlax/demo/assets/img/icons/bouchers-icon-1.png]
[vecurosoft.com/products/html/mixlax/demo/assets/img/bouchers/bouchers-img-2.jpg]
[vecurosoft.com/products/html/mixlax/demo/assets/img/icons/bouchers-icon-2.png]
[vecurosoft.com/products/html/mixlax/demo/pricing.html]
[vecurosoft.com/products/html/mixlax/demo/assets/img/features/features-img-2.jpg]
[vecurosoft.com/products/html/mixlax/demo/assets/img/features/features-img-3.jpg]
[vecurosoft.com/products/html/mixlax/demo/assets/img/features/features-img-4.jpg]
[vecurosoft.com/products/html/mixlax/demo/assets/img/features/features-img-1.jpg]
[vecurosoft.com/products/html/mixlax/demo/features.html]
[vecurosoft.com/products/html/mixlax/demo/appointment.html]
[vecurosoft.com/products/html/mixlax/demo/faq.html]
[vecurosoft.com/products/html/mixlax/demo/assets/img/bg-img/404-page-bg.jpg]
[vecurosoft.com/products/html/mixlax/demo/error.html]
[vecurosoft.com/products/html/mixlax/demo/google.html]
[vecurosoft.com/products/html/mixlax/demo/assets/fonts/Flaticon.svg]
[vecurosoft.com/products/html/mixlax/demo/assets/img/bg-img/about-features-bg-1.png]
[vecurosoft.com/products/html/mixlax/demo/assets/img/hero/hero-2-1.png]
[vecurosoft.com/products/html/mixlax/demo/assets/img/hero/hero-2-3.png]
[vecurosoft.com/products/html/mixlax/demo/assets/img/hero/hero-2-2.png]
[vecurosoft.com/products/html/mixlax/demo/instagram.html]
[vecurosoft.com/products/html/mixlax/demo/www.google.html]
[vecurosoft.com/products/html/mixlax/demo/portfolio-details-2.html]
